Microchip Technology Inc, v1.41 (B)

Tool Name:
  d:\microchip\mplabx\xc16\v1.41\bin\bin\..\bin/elf-ld.exe

Command:
  -p30F4011 \
  --mdfp=C:/Program Files (x86)/Microchip/MPLABX/v5.40/packs/Microchip/dsPIC30F_DFP/1.2.53/xc16 \
  -o \
  dist/default/production/Final_Project.X.production.elf \
  -Ld:/microchip/mplabx/xc16/v1.41/bin/bin/.. \
  -LC:/Program Files (x86)/Microchip/MPLABX/v5.40/packs/Microchip/dsPIC30F_DFP/1.2.53/xc16/bin/../support/dsPIC30F/gld \
  -Ld:/microchip/mplabx/xc16/v1.41/bin/bin/../../lib \
  -Ld:/microchip/mplabx/xc16/v1.41/bin/bin/../../support/PIC24E/gld \
  -Ld:/microchip/mplabx/xc16/v1.41/bin/bin/../../support/PIC24F/gld \
  -Ld:/microchip/mplabx/xc16/v1.41/bin/bin/../../support/PIC24H/gld \
  -Ld:/microchip/mplabx/xc16/v1.41/bin/bin/../../support/dsPIC30F/gld \
  -Ld:/microchip/mplabx/xc16/v1.41/bin/bin/../../support/dsPIC33C/gld \
  -Ld:/microchip/mplabx/xc16/v1.41/bin/bin/../../support/dsPIC33E/gld \
  -Ld:/microchip/mplabx/xc16/v1.41/bin/bin/../../support/dsPIC33F/gld \
  build/default/production/parser.o \
  build/default/production/pwm.o \
  build/default/production/uart.o \
  build/default/production/spi.o \
  build/default/production/timer.o \
  build/default/production/adc.o \
  build/default/production/buttonsleds.o \
  build/default/production/main.o \
  --defsym=__MPLAB_BUILD=1 \
  -Tp30F4011.gld.00 \
  --stack=16 \
  --check-sections \
  --data-init \
  --pack-data \
  --handles \
  --isr \
  --no-gc-sections \
  --fill-upper=0 \
  --stackguard=16 \
  --no-force-link \
  --smart-io \
  -Map=dist/default/production/Final_Project.X.production.map \
  --report-mem \
  --memorysummary \
  dist/default/production/memoryfile.xml \
  -start-group \
  --library=lega-pic30-elf \
  --library=m-elf \
  --library=lega-c-elf \
  -end-group \


Optional library libp30F4011.a not found
Archive member included because of file (symbol)

d:/microchip/mplabx/xc16/v1.41/bin/bin/../../lib\liblega-pic30-elf.a(crt0_standard.o)
                              (__resetPRI)
d:/microchip/mplabx/xc16/v1.41/bin/bin/../../lib\liblega-pic30-elf.a(data_init_standard.o)
                              d:/microchip/mplabx/xc16/v1.41/bin/bin/../../lib\liblega-pic30-elf.a(crt0_standard.o) (__data_init_standard)
d:/microchip/mplabx/xc16/v1.41/bin/bin/../../lib\liblega-pic30-elf.a(crt_start_mode_normal.Leo)
                              (__crt_start_mode_normal)
d:/microchip/mplabx/xc16/v1.41/bin/bin/../../lib\libm-elf.a(addsf3.eo)
                              build/default/production/pwm.o (___subsf3)
d:/microchip/mplabx/xc16/v1.41/bin/bin/../../lib\libm-elf.a(divsf3.eo)
                              build/default/production/pwm.o (___divsf3)
d:/microchip/mplabx/xc16/v1.41/bin/bin/../../lib\libm-elf.a(fixsfsi.eo)
                              build/default/production/pwm.o (_(float, int, long long, short, float, short, int))
d:/microchip/mplabx/xc16/v1.41/bin/bin/../../lib\libm-elf.a(fixunssfsi.eo)
                              build/default/production/pwm.o (___fixunssfsi)
d:/microchip/mplabx/xc16/v1.41/bin/bin/../../lib\libm-elf.a(floatsisf.eo)
                              build/default/production/pwm.o (___floatsisf)
d:/microchip/mplabx/xc16/v1.41/bin/bin/../../lib\libm-elf.a(fpack.eo)
                              d:/microchip/mplabx/xc16/v1.41/bin/bin/../../lib\libm-elf.a(addsf3.eo) (__fpack)
d:/microchip/mplabx/xc16/v1.41/bin/bin/../../lib\libm-elf.a(funpack.eo)
                              d:/microchip/mplabx/xc16/v1.41/bin/bin/../../lib\libm-elf.a(fixsfsi.eo) (__funpack)
d:/microchip/mplabx/xc16/v1.41/bin/bin/../../lib\libm-elf.a(funpack2.eo)
                              d:/microchip/mplabx/xc16/v1.41/bin/bin/../../lib\libm-elf.a(addsf3.eo) (__funpack2)
d:/microchip/mplabx/xc16/v1.41/bin/bin/../../lib\libm-elf.a(futil.eo)
                              d:/microchip/mplabx/xc16/v1.41/bin/bin/../../lib\libm-elf.a(addsf3.eo) (__fPropagateNaN)
d:/microchip/mplabx/xc16/v1.41/bin/bin/../../lib\libm-elf.a(mulsf3.eo)
                              build/default/production/pwm.o (___mulsf3)
d:/microchip/mplabx/xc16/v1.41/bin/bin/../../lib\libm-elf.a(floatdisf.eo)
                              d:/microchip/mplabx/xc16/v1.41/bin/bin/../../lib\libm-elf.a(floatsisf.eo) (___floatdisf)
d:/microchip/mplabx/xc16/v1.41/bin/bin/../../lib\libm-elf.a(floatundisf.eo)
                              d:/microchip/mplabx/xc16/v1.41/bin/bin/../../lib\libm-elf.a(floatdisf.eo) (___floatundisf)
d:/microchip/mplabx/xc16/v1.41/bin/bin/../../lib\liblega-c-elf.a(strlen.XX_eo)
                              build/default/production/main.o (_strlen)
d:/microchip/mplabx/xc16/v1.41/bin/bin/../../lib\liblega-c-elf.a(strncmp.XX_eo)
                              build/default/production/main.o (_strncmp)
d:/microchip/mplabx/xc16/v1.41/bin/bin/../../lib\liblega-c-elf.a(xstoul.XX_eo)
[...]
Memory Configuration

Name             Origin             Length             Attributes
data             0x000800           0x000800           a !xr
reset            0x000000           0x000004  
ivt              0x000004           0x00007c  
_reserved        0x000080           0x000004  
aivt             0x000084           0x00007c  
program          0x000100           0x007f00           xr
eedata           0x7ffc00           0x000400  
FUID0            0x8005c0           0x000002  
FUID1            0x8005c2           0x000002  
FUID2            0x8005c4           0x000002  
FUID3            0x8005c6           0x000002  
FOSC             0xf80000           0x000002  
FWDT             0xf80002           0x000002  
FBORPOR          0xf80004           0x000002  
RESERVED1        0xf80006           0x000002  
RESERVED2        0xf80008           0x000002  
FGS              0xf8000a           0x000002  
FICD             0xf8000c           0x000002  
*default*        0x000000           0xffffffff  

Linker script and memory map

LOAD build/default/production/parser.o
LOAD build/default/production/pwm.o
LOAD build/default/production/uart.o
LOAD build/default/production/spi.o
LOAD build/default/production/timer.o
LOAD build/default/production/adc.o
LOAD build/default/production/buttonsleds.o
LOAD build/default/production/main.o
                    0x0001                  __MPLAB_BUILD = 0x1
LOAD p30F4011
LOAD d:/microchip/mplabx/xc16/v1.41/bin/bin/../../lib\libfx-elf.a
                    0x8005c0                  __FUID0 = 0x8005c0
                    0x8005c2                  __FUID1 = 0x8005c2
                    0x8005c4                  __FUID2 = 0x8005c4
                    0x8005c6                  __FUID3 = 0x8005c6
                    0xf80000                  __FOSC = 0xf80000
                    0xf80002                  __FWDT = 0xf80002
                    0xf80004                  __FBORPOR = 0xf80004
                    0xf80006                  __RESERVED1 = 0xf80006
                    0xf80008                  __RESERVED2 = 0xf80008
                    0xf8000a                  __FGS = 0xf8000a
                    0xf8000c                  __FICD = 0xf8000c
                    0x0001                  __NO_HANDLES = 0x1
                    0x0100                  __CODE_BASE = 0x100
                    0x7f00                  __CODE_LENGTH = 0x7f00
                    0x0004                  __IVT_BASE = 0x4
                    0x0084                  __AIVT_BASE = 0x84
                    0x0800                  __DATA_BASE = 0x800
                    0x0800                  __DATA_LENGTH = 0x800
                    0x0c00                  __YDATA_BASE = 0xc00

.reset            0x000000          0x4
                  0x000000          0x2 SHORT 0x100 ABSOLUTE (__reset)
                  0x000001          0x2 SHORT 0x4
                  0x000002          0x2 SHORT 0x0 ((ABSOLUTE (__reset) >> 0x10) & 0x7f)
                  0x000003          0x2 SHORT 0x0

.text             0x000100       0x1c2e
 *(.init)
 .init            0x000100         0x4c d:/microchip/mplabx/xc16/v1.41/bin/bin/../../lib\liblega-pic30-elf.a(crt0_standard.o)
                  0x000100                  __resetPRI
                  0x000100                  __reset
                  0x00013c                  __psv_init
 .init            0x00014c         0x7c d:/microchip/mplabx/xc16/v1.41/bin/bin/../../lib\liblega-pic30-elf.a(data_init_standard.o)
                  0x000152                  __data_init_standard
                  0x000152                  __data_init
 *(.user_init)
 *(.handle)
 *(.isr*)
 .isr.text        0x0001cc         0x2e build/default/production/uart.o
                  0x0001cc                  __U2RXInterrupt
 .isr.text        0x0001fa         0xc4 build/default/production/buttonsleds.o
                  0x0001fa                  __INT0Interrupt
                  0x000252                  __T2Interrupt
                  0x00026c                  __INT1Interrupt
                  0x0002a4                  __T4Interrupt
 .isr             0x0002be          0x4 default_isr
                  0x0002be                  __DefaultInterrupt
 *(.libc)
 *(.libm)
 *(.libdsp)
 *(.lib*)
 .libpic30_crt_start_mode
                  0x0002c2          0x2 d:/microchip/mplabx/xc16/v1.41/bin/bin/../../lib\liblega-pic30-elf.a(crt_start_mode_normal.Leo)
                  0x0002c2                  __crt_start_mode
                  0x0002c2                  __crt_start_mode_normal
 .libm.subsf3     0x0002c4         0xbc d:/microchip/mplabx/xc16/v1.41/bin/bin/../../lib\libm-elf.a(addsf3.eo)
                  0x0002c4                  ___subsf3
                  0x0002c6                  ___addsf3
 .libm.divfs3     0x000380         0x84 d:/microchip/mplabx/xc16/v1.41/bin/bin/../../lib\libm-elf.a(divsf3.eo)
                  0x000380                  ___divsf3
 .libm.fixsfsi    0x000404         0x42 d:/microchip/mplabx/xc16/v1.41/bin/bin/../../lib\libm-elf.a(fixsfsi.eo)
                  0x000404                  _(float, int, long long, short, float, short, int)
 .libm.fixunssfsi
                  0x000446         0x36 d:/microchip/mplabx/xc16/v1.41/bin/bin/../../lib\libm-elf.a(fixunssfsi.eo)
                  0x000446                  ___fixunssfsi
 .libm.floatsisf
                  0x00047c          0x6 d:/microchip/mplabx/xc16/v1.41/bin/bin/../../lib\libm-elf.a(floatsisf.eo)
                  0x00047c                  ___floatsisf
 .libm.fpack      0x000482         0x4c d:/microchip/mplabx/xc16/v1.41/bin/bin/../../lib\libm-elf.a(fpack.eo)
                  0x000482                  __fpack
 .libm.funpack    0x0004ce         0x2a d:/microchip/mplabx/xc16/v1.41/bin/bin/../../lib\libm-elf.a(funpack.eo)
                  0x0004ce                  __funpack
 .libm.funpack2
                  0x0004f8         0x10 d:/microchip/mplabx/xc16/v1.41/bin/bin/../../lib\libm-elf.a(funpack2.eo)
                  0x0004f8                  __funpack2
 .libm.fPropagateNaN
                  0x000508         0x12 d:/microchip/mplabx/xc16/v1.41/bin/bin/../../lib\libm-elf.a(futil.eo)
                  0x000508                  __fPropagateNaN
 .libm.fbobExit
                  0x00051a          0x8 d:/microchip/mplabx/xc16/v1.41/bin/bin/../../lib\libm-elf.a(futil.eo)
                  0x00051a                  __fbopExit
 .libm.fbopReturnNaN
                  0x000522          0x6 d:/microchip/mplabx/xc16/v1.41/bin/bin/../../lib\libm-elf.a(futil.eo)
                  0x000522                  __fbopReturnNaN
 .libm.mulsf3     0x000528         0x68 d:/microchip/mplabx/xc16/v1.41/bin/bin/../../lib\libm-elf.a(mulsf3.eo)
                  0x000528                  ___mulsf3
 .libm.floatdisf
                  0x000590         0x20 d:/microchip/mplabx/xc16/v1.41/bin/bin/../../lib\libm-elf.a(floatdisf.eo)
                  0x000590                  ___floatdisf
 .libm.floatundisf
                  0x0005b0         0x5e d:/microchip/mplabx/xc16/v1.41/bin/bin/../../lib\libm-elf.a(floatundisf.eo)
                  0x0005b0                  ___floatundisf
 .libc.strlen     0x00060e          0xc d:/microchip/mplabx/xc16/v1.41/bin/bin/../../lib\liblega-c-elf.a(strlen.XX_eo)
                  0x00060e                  _strlen
 .libc.strncmp    0x00061a         0x28 d:/microchip/mplabx/xc16/v1.41/bin/bin/../../lib\liblega-c-elf.a(strncmp.XX_eo)
                  0x00061a                  _strncmp
 .libc._Stoul     0x000642        0x138 d:/microchip/mplabx/xc16/v1.41/bin/bin/../../lib\liblega-c-elf.a(xstoul.XX_eo)
                  0x000642                  __Stoul
 .libc.isspace    0x00077a         0x10 d:/microchip/mplabx/xc16/v1.41/bin/bin/../../lib\liblega-c-elf.a(isspace.XX_elso)
                  0x00077a                  _isspace
 .libc.tolower    0x00078a          0xe d:/microchip/mplabx/xc16/v1.41/bin/bin/../../lib\liblega-c-elf.a(tolower.XX_elso)
                  0x00078a                  _tolower
 .libc._Geterrno
                  0x000798          0xc d:/microchip/mplabx/xc16/v1.41/bin/bin/../../lib\liblega-c-elf.a(errno.XX_elo)
                  0x000798                  __Geterrno
 .libc.prout      0x0007a4          0xe d:/microchip/mplabx/xc16/v1.41/bin/bin/../../lib\liblega-c-elf.a(sprintf_cdfFnopsuxX.XXeo)
                  0x0007a4                  sprintf_cdfFnopsuxX.XXeo:_prout
 .libc._sprintf_cdfFnopsuxX
                  0x0007b2         0x1e d:/microchip/mplabx/xc16/v1.41/bin/bin/../../lib\liblega-c-elf.a(sprintf_cdfFnopsuxX.XXeo)
                  0x0007b2                  __sprintf_cdfFnopsuxX
                  0x0007b2                  __sprintf_0
                  0x0007b2                  __sprintf_s
                  0x0007b2                  __sprintf_cdnopuxX
                  0x0007b2                  __sprintf_cdfFnopuxX
 .libc.__Printf_cdfFnopsuxX
                  0x0007d0        0x164 d:/microchip/mplabx/xc16/v1.41/bin/bin/../../lib\liblega-c-elf.a(xprintf_cdfFnopsuxX.XXeo)
                  0x0007d0                  ___Printf_s
                  0x0007d0                  ___Printf_cdfFnopsuxX
                  0x0007d0                  ___Printf_cdnopuxX
                  0x0007d0                  ___Printf_cdfFnopuxX
 .libc.__Putfld_cdfFnopsuxX
                  0x000934        0x2da d:/microchip/mplabx/xc16/v1.41/bin/bin/../../lib\liblega-c-elf.a(xputfld_cdfFnopsuxX.XXeo)
                  0x000934                  ___Putfld_cdnopuxX
                  0x000934                  ___Putfld_cdfFnopuxX
                  0x000934                  ___Putfld_cdfFnopsuxX
                  0x000934                  ___Putfld_s
 .libc.__Ldtob_cdfFnopsuxX
                  0x000c0e        0x250 d:/microchip/mplabx/xc16/v1.41/bin/bin/../../lib\liblega-c-elf.a(xldtob_cdfFnopsuxX.XXeo)
                  0x000c0e                  ___Ldtob_cdfFnopsuxX
                  0x000c0e                  ___Ldtob_cdfFnopuxX
 .libc.__Genld_cdfFnopsuxX
                  0x000e5e        0x208 d:/microchip/mplabx/xc16/v1.41/bin/bin/../../lib\liblega-c-elf.a(xgenld_cdfFnopsuxX.XXeo)
                  0x000e5e                  ___Genld_cdfFnopsuxX
                  0x000e5e                  ___Genld_cdfFnopuxX
 .libc.div        0x001066         0x16 d:/microchip/mplabx/xc16/v1.41/bin/bin/../../lib\liblega-c-elf.a(div.XX_eo)
                  0x001066                  _div
 .libc.ldiv       0x00107c         0x2a d:/microchip/mplabx/xc16/v1.41/bin/bin/../../lib\liblega-c-elf.a(ldiv.XX_eo)
                  0x00107c                  _ldiv
 .libc.memchr     0x0010a6         0x14 d:/microchip/mplabx/xc16/v1.41/bin/bin/../../lib\liblega-c-elf.a(memchr.XX_eo)
                  0x0010a6                  _memchr
 .libc.memcpy     0x0010ba          0xe d:/microchip/mplabx/xc16/v1.41/bin/bin/../../lib\liblega-c-elf.a(memcpy.XX_eo)
                  0x0010ba                  _memcpy
 .libc.strchr     0x0010c8         0x18 d:/microchip/mplabx/xc16/v1.41/bin/bin/../../lib\liblega-c-elf.a(strchr.XX_eo)
                  0x0010c8                  _strchr
 .libc._LDunscale
                  0x0010e0         0x54 d:/microchip/mplabx/xc16/v1.41/bin/bin/../../lib\liblega-c-elf.a(xldunsca.XX_eo)
                  0x0010e0                  __LDunscale
 .libc._Litob     0x001134        0x25e d:/microchip/mplabx/xc16/v1.41/bin/bin/../../lib\liblega-c-elf.a(xlitob.XX_eo)
                  0x001134                  __Litob
 .libc._Puttxt    0x001392        0x178 d:/microchip/mplabx/xc16/v1.41/bin/bin/../../lib\liblega-c-elf.a(xputtxt.XX_eo)
                  0x001392                  __Puttxt
 .libc._Vacopy    0x00150a          0x4 d:/microchip/mplabx/xc16/v1.41/bin/bin/../../lib\liblega-c-elf.a(xvacopy.XX_eo)
                  0x00150a                  __Vacopy
 .libc._Dnorm     0x00150e         0x98 d:/microchip/mplabx/xc16/v1.41/bin/bin/../../lib\liblega-c-elf.a(xdnorm.XX_elo)
                  0x00150e                  __Dnorm
 .libm.eqdf2      0x0015a6          0xa d:/microchip/mplabx/xc16/v1.41/bin/bin/../../lib\libm-elf.a(deqltle.eo)
                  0x0015a6                  ___eqdf2
                  0x0015a6                  ___ltdf2
                  0x0015a6                  ___ledf2
 .libm.gtdf2      0x0015b0          0xa d:/microchip/mplabx/xc16/v1.41/bin/bin/../../lib\libm-elf.a(dgtge.eo)
                  0x0015b0                  ___gtdf2
                  0x0015b0                  ___gedf2
 .libm.divdf3     0x0015ba         0xb4 d:/microchip/mplabx/xc16/v1.41/bin/bin/../../lib\libm-elf.a(divdf3.eo)
                  0x0015ba                  ___divdf3
 .libm.divsi3     0x00166e         0x1e d:/microchip/mplabx/xc16/v1.41/bin/bin/../../lib\libm-elf.a(divsi3.eo)
                  0x00166e                  ___divsi3
 .libm.dpack      0x00168c         0x58 d:/microchip/mplabx/xc16/v1.41/bin/bin/../../lib\libm-elf.a(dpack.eo)
                  0x00168c                  __dpack
 .libm.dunpack2
                  0x0016e4         0x32 d:/microchip/mplabx/xc16/v1.41/bin/bin/../../lib\libm-elf.a(dunpack2.eo)
                  0x0016e4                  __dunpack2
                  0x001706                  __dreturnNaN
                  0x00170c                  __dunpack2exit
 .libm.extendsfdf2
                  0x001716         0x3e d:/microchip/mplabx/xc16/v1.41/bin/bin/../../lib\libm-elf.a(extendsfdf.eo)
                  0x001716                  ___extendsfdf2
 .libm.fixdfsi    0x001754         0x58 d:/microchip/mplabx/xc16/v1.41/bin/bin/../../lib\libm-elf.a(fixdfsi.eo)
                  0x001754                  _(float, int, long long, double, float, short, int)
 .libm.floatsidf
                  0x0017ac          0x6 d:/microchip/mplabx/xc16/v1.41/bin/bin/../../lib\libm-elf.a(floatsidf.eo)
                  0x0017ac                  ___floatsidf
 *fill*           0x0017b2          0x400
 .libm.muldf3     0x0017b4         0xec d:/microchip/mplabx/xc16/v1.41/bin/bin/../../lib\libm-elf.a(muldf3.eo)
                  0x0017b4                  ___muldf3
 .libm.subdf3     0x0018a0          0x4 d:/microchip/mplabx/xc16/v1.41/bin/bin/../../lib\libm-elf.a(subdf3.eo)
                  0x0018a0                  ___subdf3
 .libm.udivsi3    0x0018a4         0x20 d:/microchip/mplabx/xc16/v1.41/bin/bin/../../lib\libm-elf.a(udivsi3.eo)
                  0x0018a4                  ___udivsi3
 .libm.umodsi3    0x0018c4          0x6 d:/microchip/mplabx/xc16/v1.41/bin/bin/../../lib\libm-elf.a(umodsi3.eo)
                  0x0018c4                  ___umodsi3
 .libm.mulsi3     0x0018ca          0xc d:/microchip/mplabx/xc16/v1.41/bin/bin/../../lib\libm-elf.a(mulsi3.eo)
                  0x0018ca                  ___mulp32peds3
                  0x0018ca                  ___mulsi3
                  0x0018ca                  ___mulp32eds3
 .libm.__PplusBdi
                  0x0018d6         0x26 d:/microchip/mplabx/xc16/v1.41/bin/bin/../../lib\libm-elf.a(divmoddi3.eo)
 .libm.__PminusBdi
                  0x0018fc         0x26 d:/microchip/mplabx/xc16/v1.41/bin/bin/../../lib\libm-elf.a(divmoddi3.eo)
 .libm.__udivmoddi3
                  0x001922         0xe6 d:/microchip/mplabx/xc16/v1.41/bin/bin/../../lib\libm-elf.a(divmoddi3.eo)
                  0x001922                  ___udivmoddi3
 .libm.__udivdi3
                  0x001a08          0xe d:/microchip/mplabx/xc16/v1.41/bin/bin/../../lib\libm-elf.a(divmoddi3.eo)
                  0x001a08                  ___udivdi3
 .libm.__umoddi3
                  0x001a16          0x8 d:/microchip/mplabx/xc16/v1.41/bin/bin/../../lib\libm-elf.a(divmoddi3.eo)
                  0x001a16                  ___umoddi3
 .libm.__divdi3
                  0x001a1e         0x60 d:/microchip/mplabx/xc16/v1.41/bin/bin/../../lib\libm-elf.a(divmoddi3.eo)
                  0x001a1e                  ___divdi3
 .libm.__moddi3
                  0x001a7e         0x5c d:/microchip/mplabx/xc16/v1.41/bin/bin/../../lib\libm-elf.a(divmoddi3.eo)
                  0x001a7e                  ___moddi3
 *fill*           0x001ada          0x400
 .libm.adddf3     0x001adc         0xfc d:/microchip/mplabx/xc16/v1.41/bin/bin/../../lib\libm-elf.a(adddf3.eo)
                  0x001adc                  ___adddf3
 .libm.dcompare
                  0x001bd8         0x52 d:/microchip/mplabx/xc16/v1.41/bin/bin/../../lib\libm-elf.a(dcompare.eo)
                  0x001bd8                  __dcompare
 .libm.dPropagateNaN
                  0x001c2a         0x1c d:/microchip/mplabx/xc16/v1.41/bin/bin/../../lib\libm-elf.a(dpropagateNaN.eo)
                  0x001c2a                  __dPropagateNaN
 .libm.dtype      0x001c46         0x24 d:/microchip/mplabx/xc16/v1.41/bin/bin/../../lib\libm-elf.a(dtype.eo)
                  0x001c46                  __dtype
 .libm.dunpack    0x001c6a         0x4e d:/microchip/mplabx/xc16/v1.41/bin/bin/../../lib\libm-elf.a(dunpack.eo)
                  0x001c6a                  __dunpack
 .libm.floatdidf
                  0x001cb8         0x20 d:/microchip/mplabx/xc16/v1.41/bin/bin/../../lib\libm-elf.a(floatdidf.eo)
                  0x001cb8                  ___floatdidf
 .libm.floatundidf
                  0x001cd8         0x56 d:/microchip/mplabx/xc16/v1.41/bin/bin/../../lib\libm-elf.a(floatundidf.eo)
                  0x001cd8                  ___floatundidf

usercode
 *(usercode)

__FUID0
 *(__FUID0.sec*)

__FUID1
 *(__FUID1.sec*)

__FUID2
 *(__FUID2.sec*)

__FUID3
 *(__FUID3.sec*)

__FOSC
 *(__FOSC.sec*)

__FWDT
 *(__FWDT.sec*)

__FBORPOR
 *(__FBORPOR.sec*)

__RESERVED1
 *(__RESERVED1.sec*)

__RESERVED2
 *(__RESERVED2.sec*)

__FGS             0xf8000a          0x2
 *(__FGS.sec*)
 __FGS.sec        0xf8000a          0x2 /CW/_FGS ¶X¶__FGS.sec
                  0xf8000a                  __FGS.sec

__FICD
 *(__FICD.sec*)

user_eedata
 *(user_eedata)

userdata
 *(userdata)

.comment
 *(.comment)

.debug_info       0x000000       0x4392
 *(.debug_info)
 .debug_info      0x000000        0x244 build/default/production/parser.o
 .debug_info      0x000244        0x557 build/default/production/pwm.o
 .debug_info      0x00079b        0x8d6 build/default/production/uart.o
 .debug_info      0x001071        0x613 build/default/production/spi.o
 .debug_info      0x001684        0xa05 build/default/production/timer.o
 .debug_info      0x002089        0xa66 build/default/production/adc.o
 .debug_info      0x002aef        0xe1f build/default/production/buttonsleds.o
 .debug_info      0x00390e        0xa84 build/default/production/main.o
 *(.gnu.linkonce.wi.*)

.debug_abbrev     0x000000        0x8f3
 *(.debug_abbrev)
 .debug_abbrev    0x000000         0xa0 build/default/production/parser.o
 .debug_abbrev    0x0000a0        0x114 build/default/production/pwm.o
 .debug_abbrev    0x0001b4        0x177 build/default/production/uart.o
 .debug_abbrev    0x00032b        0x140 build/default/production/spi.o
 .debug_abbrev    0x00046b        0x103 build/default/production/timer.o
 .debug_abbrev    0x00056e         0xe9 build/default/production/adc.o
 .debug_abbrev    0x000657         0xe5 build/default/production/buttonsleds.o
 .debug_abbrev    0x00073c        0x1b7 build/default/production/main.o

.debug_line       0x000000        0x9a3
 *(.debug_line)
 .debug_line      0x000000         0x75 build/default/production/parser.o
 .debug_line      0x000075        0x116 build/default/production/pwm.o
 .debug_line      0x00018b        0x158 build/default/production/uart.o
 .debug_line      0x0002e3        0x13f build/default/production/spi.o
 .debug_line      0x000422        0x14f build/default/production/timer.o
 .debug_line      0x000571        0x10c build/default/production/adc.o
 .debug_line      0x00067d        0x147 build/default/production/buttonsleds.o
 .debug_line      0x0007c4        0x1df build/default/production/main.o

.debug_frame      0x000000        0x5da
 *(.debug_frame)
 .debug_frame     0x000000         0x4c build/default/production/parser.o
 .debug_frame     0x00004c         0x58 build/default/production/pwm.o
 .debug_frame     0x0000a4         0xf2 build/default/production/uart.o
 .debug_frame     0x000196         0xf4 build/default/production/spi.o
 .debug_frame     0x00028a         0x8e build/default/production/timer.o
 .debug_frame     0x000318         0x4c build/default/production/adc.o
 .debug_frame     0x000364        0x10c build/default/production/buttonsleds.o
 .debug_frame     0x000470        0x16a build/default/production/main.o

.debug_str        0x000000        0x1c7
 *(.debug_str)
 .debug_str       0x000000         0x16 build/default/production/pwm.o
 .debug_str       0x000016         0x27 build/default/production/uart.o
 .debug_str       0x00003d         0x2e build/default/production/spi.o
 .debug_str       0x00006b         0x5a build/default/production/timer.o
 .debug_str       0x0000c5         0x36 build/default/production/adc.o
 .debug_str       0x0000fb         0x6b build/default/production/buttonsleds.o
 .debug_str       0x000166         0x61 build/default/production/main.o

.debug_loc
 *(.debug_loc)

.debug_macinfo
 *(.debug_macinfo)

.debug_pubnames
                  0x000000        0x429
 *(.debug_pubnames)
 .debug_pubnames
                  0x000000         0x30 build/default/production/parser.o
 .debug_pubnames
                  0x000030         0x27 build/default/production/pwm.o
 .debug_pubnames
                  0x000057         0x77 build/default/production/uart.o
 .debug_pubnames
                  0x0000ce         0xb4 build/default/production/spi.o
 .debug_pubnames
                  0x000182         0x60 build/default/production/timer.o
 .debug_pubnames
                  0x0001e2         0x37 build/default/production/adc.o
 .debug_pubnames
                  0x000219         0x79 build/default/production/buttonsleds.o
 .debug_pubnames
                  0x000292        0x197 build/default/production/main.o

.debug_ranges
 *(.debug_ranges)

.debug_aranges    0x000000         0xc0
 *(.debug_aranges)
 .debug_aranges
                  0x000000         0x18 build/default/production/parser.o
 .debug_aranges
                  0x000018         0x18 build/default/production/pwm.o
 .debug_aranges
                  0x000030         0x18 build/default/production/uart.o
 .debug_aranges
                  0x000048         0x18 build/default/production/spi.o
 .debug_aranges
                  0x000060         0x18 build/default/production/timer.o
 .debug_aranges
                  0x000078         0x18 build/default/production/adc.o
 .debug_aranges
                  0x000090         0x18 build/default/production/buttonsleds.o
 .debug_aranges
                  0x0000a8         0x18 build/default/production/main.o
                    0x0000                  WREG0 = 0x0
                    0x0000                  _WREG0 = 0x0
                    0x0002                  WREG1 = 0x2
                    0x0002                  _WREG1 = 0x2
                    0x0004                  WREG2 = 0x4
                    0x0004                  _WREG2 = 0x4
                    0x0006                  WREG3 = 0x6
                    0x0006                  _WREG3 = 0x6
                    0x0008                  WREG4 = 0x8
                    0x0008                  _WREG4 = 0x8
                    0x000a                  WREG5 = 0xa
                    0x000a                  _WREG5 = 0xa
                    0x000c                  WREG6 = 0xc
                    0x000c                  _WREG6 = 0xc
                    0x000e                  WREG7 = 0xe
                    0x000e                  _WREG7 = 0xe
                    0x0010                  WREG8 = 0x10
                    0x0010                  _WREG8 = 0x10
                    0x0012                  WREG9 = 0x12
                    0x0012                  _WREG9 = 0x12
                    0x0014                  WREG10 = 0x14
                    0x0014                  _WREG10 = 0x14
                    0x0016                  WREG11 = 0x16
                    0x0016                  _WREG11 = 0x16
                    0x0018                  WREG12 = 0x18
                    0x0018                  _WREG12 = 0x18
                    0x001a                  WREG13 = 0x1a
                    0x001a                  _WREG13 = 0x1a
                    0x001c                  WREG14 = 0x1c
                    0x001c                  _WREG14 = 0x1c
                    0x001e                  WREG15 = 0x1e
                    0x001e                  _WREG15 = 0x1e
                    0x0020                  SPLIM = 0x20
                    0x0020                  _SPLIM = 0x20
                    0x0022                  ACCAL = 0x22
                    0x0022                  _ACCAL = 0x22
                    0x0024                  ACCAH = 0x24
                    0x0024                  _ACCAH = 0x24
                    0x0026                  ACCAU = 0x26
                    0x0026                  _ACCAU = 0x26
                    0x0028                  ACCBL = 0x28
                    0x0028                  _ACCBL = 0x28
                    0x002a                  ACCBH = 0x2a
                    0x002a                  _ACCBH = 0x2a
                    0x002c                  ACCBU = 0x2c
                    0x002c                  _ACCBU = 0x2c
                    0x002e                  PCL = 0x2e
                    0x002e                  _PCL = 0x2e
                    0x0030                  PCH = 0x30
                    0x0030                  _PCH = 0x30
                    0x0032                  TBLPAG = 0x32
                    0x0032                  _TBLPAG = 0x32
                    0x0034                  PSVPAG = 0x34
                    0x0034                  _PSVPAG = 0x34
                    0x0036                  RCOUNT = 0x36
                    0x0036                  _RCOUNT = 0x36
                    0x0038                  DCOUNT = 0x38
                    0x0038                  _DCOUNT = 0x38
                    0x003a                  DOSTARTL = 0x3a
                    0x003a                  _DOSTARTL = 0x3a
                    0x003c                  DOSTARTH = 0x3c
                    0x003c                  _DOSTARTH = 0x3c
                    0x003e                  DOENDL = 0x3e
                    0x003e                  _DOENDL = 0x3e
                    0x0040                  DOENDH = 0x40
                    0x0040                  _DOENDH = 0x40
                    0x0042                  SR = 0x42
                    0x0042                  _SR = 0x42
                    0x0042                  _SRbits = 0x42
                    0x0044                  CORCON = 0x44
                    0x0044                  _CORCON = 0x44
                    0x0044                  _CORCONbits = 0x44
                    0x0046                  MODCON = 0x46
                    0x0046                  _MODCON = 0x46
                    0x0046                  _MODCONbits = 0x46
                    0x0048                  XMODSRT = 0x48
                    0x0048                  _XMODSRT = 0x48
                    0x004a                  XMODEND = 0x4a
                    0x004a                  _XMODEND = 0x4a
                    0x004c                  YMODSRT = 0x4c
                    0x004c                  _YMODSRT = 0x4c
                    0x004e                  YMODEND = 0x4e
                    0x004e                  _YMODEND = 0x4e
                    0x0050                  XBREV = 0x50
                    0x0050                  _XBREV = 0x50
                    0x0050                  _XBREVbits = 0x50
                    0x0052                  DISICNT = 0x52
                    0x0052                  _DISICNT = 0x52
                    0x0052                  _DISICNTbits = 0x52
                    0x0080                  INTCON1 = 0x80
                    0x0080                  _INTCON1 = 0x80
                    0x0080                  _INTCON1bits = 0x80
                    0x0082                  INTCON2 = 0x82
                    0x0082                  _INTCON2 = 0x82
                    0x0082                  _INTCON2bits = 0x82
                    0x0084                  IFS0 = 0x84
                    0x0084                  _IFS0 = 0x84
                    0x0084                  _IFS0bits = 0x84
                    0x0086                  IFS1 = 0x86
                    0x0086                  _IFS1 = 0x86
                    0x0086                  _IFS1bits = 0x86
                    0x0088                  IFS2 = 0x88
                    0x0088                  _IFS2 = 0x88
                    0x0088                  _IFS2bits = 0x88
                    0x008c                  IEC0 = 0x8c
                    0x008c                  _IEC0 = 0x8c
                    0x008c                  _IEC0bits = 0x8c
                    0x008e                  IEC1 = 0x8e
                    0x008e                  _IEC1 = 0x8e
                    0x008e                  _IEC1bits = 0x8e
                    0x0090                  IEC2 = 0x90
                    0x0090                  _IEC2 = 0x90
                    0x0090                  _IEC2bits = 0x90
                    0x0094                  IPC0 = 0x94
                    0x0094                  _IPC0 = 0x94
                    0x0094                  _IPC0bits = 0x94
                    0x0096                  IPC1 = 0x96
                    0x0096                  _IPC1 = 0x96
                    0x0096                  _IPC1bits = 0x96
                    0x0098                  IPC2 = 0x98
                    0x0098                  _IPC2 = 0x98
                    0x0098                  _IPC2bits = 0x98
                    0x009a                  IPC3 = 0x9a
                    0x009a                  _IPC3 = 0x9a
                    0x009a                  _IPC3bits = 0x9a
                    0x009c                  IPC4 = 0x9c
                    0x009c                  _IPC4 = 0x9c
                    0x009c                  _IPC4bits = 0x9c
                    0x009e                  IPC5 = 0x9e
                    0x009e                  _IPC5 = 0x9e
                    0x009e                  _IPC5bits = 0x9e
                    0x00a0                  IPC6 = 0xa0
                    0x00a0                  _IPC6 = 0xa0
                    0x00a0                  _IPC6bits = 0xa0
                    0x00a6                  IPC9 = 0xa6
                    0x00a6                  _IPC9 = 0xa6
                    0x00a6                  _IPC9bits = 0xa6
                    0x00a8                  IPC10 = 0xa8
                    0x00a8                  _IPC10 = 0xa8
                    0x00a8                  _IPC10bits = 0xa8
                    0x00b0                  INTTREG = 0xb0
                    0x00b0                  _INTTREG = 0xb0
                    0x00b0                  _INTTREGbits = 0xb0
                    0x00c0                  CNEN1 = 0xc0
                    0x00c0                  _CNEN1 = 0xc0
                    0x00c0                  _CNEN1bits = 0xc0
                    0x00c2                  CNEN2 = 0xc2
                    0x00c2                  _CNEN2 = 0xc2
                    0x00c2                  _CNEN2bits = 0xc2
                    0x00c4                  CNPU1 = 0xc4
                    0x00c4                  _CNPU1 = 0xc4
                    0x00c4                  _CNPU1bits = 0xc4
                    0x00c6                  CNPU2 = 0xc6
                    0x00c6                  _CNPU2 = 0xc6
                    0x00c6                  _CNPU2bits = 0xc6
                    0x0100                  TMR1 = 0x100
                    0x0100                  _TMR1 = 0x100
                    0x0102                  PR1 = 0x102
                    0x0102                  _PR1 = 0x102
                    0x0104                  T1CON = 0x104
                    0x0104                  _T1CON = 0x104
                    0x0104                  _T1CONbits = 0x104
                    0x0106                  TMR2 = 0x106
                    0x0106                  _TMR2 = 0x106
                    0x0108                  TMR3HLD = 0x108
                    0x0108                  _TMR3HLD = 0x108
                    0x010a                  TMR3 = 0x10a
                    0x010a                  _TMR3 = 0x10a
                    0x010c                  PR2 = 0x10c
                    0x010c                  _PR2 = 0x10c
                    0x010e                  PR3 = 0x10e
                    0x010e                  _PR3 = 0x10e
                    0x0110                  T2CON = 0x110
                    0x0110                  _T2CON = 0x110
                    0x0110                  _T2CONbits = 0x110
                    0x0112                  T3CON = 0x112
                    0x0112                  _T3CON = 0x112
                    0x0112                  _T3CONbits = 0x112
                    0x0114                  TMR4 = 0x114
                    0x0114                  _TMR4 = 0x114
                    0x0116                  TMR5HLD = 0x116
                    0x0116                  _TMR5HLD = 0x116
                    0x0118                  TMR5 = 0x118
                    0x0118                  _TMR5 = 0x118
                    0x011a                  PR4 = 0x11a
                    0x011a                  _PR4 = 0x11a
                    0x011c                  PR5 = 0x11c
                    0x011c                  _PR5 = 0x11c
                    0x011e                  T4CON = 0x11e
                    0x011e                  _T4CON = 0x11e
                    0x011e                  _T4CONbits = 0x11e
                    0x0120                  T5CON = 0x120
                    0x0120                  _T5CON = 0x120
                    0x0120                  _T5CONbits = 0x120
                    0x0122                  QEICON = 0x122
                    0x0122                  _QEICON = 0x122
                    0x0122                  _QEICONbits = 0x122
                    0x0124                  DFLTCON = 0x124
                    0x0124                  _DFLTCON = 0x124
                    0x0124                  _DFLTCONbits = 0x124
                    0x0126                  POSCNT = 0x126
                    0x0126                  _POSCNT = 0x126
                    0x0128                  MAXCNT = 0x128
                    0x0128                  _MAXCNT = 0x128
                    0x0140                  IC1BUF = 0x140
                    0x0140                  _IC1BUF = 0x140
                    0x0142                  IC1CON = 0x142
                    0x0142                  _IC1CON = 0x142
                    0x0142                  _IC1CONbits = 0x142
                    0x0144                  IC2BUF = 0x144
                    0x0144                  _IC2BUF = 0x144
                    0x0146                  IC2CON = 0x146
                    0x0146                  _IC2CON = 0x146
                    0x0146                  _IC2CONbits = 0x146
                    0x0158                  IC7BUF = 0x158
                    0x0158                  _IC7BUF = 0x158
                    0x015a                  IC7CON = 0x15a
                    0x015a                  _IC7CON = 0x15a
                    0x015a                  _IC7CONbits = 0x15a
                    0x015c                  IC8BUF = 0x15c
                    0x015c                  _IC8BUF = 0x15c
                    0x015e                  IC8CON = 0x15e
                    0x015e                  _IC8CON = 0x15e
                    0x015e                  _IC8CONbits = 0x15e
                    0x0180                  OC1RS = 0x180
                    0x0180                  _OC1RS = 0x180
                    0x0182                  OC1R = 0x182
                    0x0182                  _OC1R = 0x182
                    0x0184                  OC1CON = 0x184
                    0x0184                  _OC1CON = 0x184
                    0x0184                  _OC1CONbits = 0x184
                    0x0186                  OC2RS = 0x186
                    0x0186                  _OC2RS = 0x186
                    0x0188                  OC2R = 0x188
                    0x0188                  _OC2R = 0x188
                    0x018a                  OC2CON = 0x18a
                    0x018a                  _OC2CON = 0x18a
                    0x018a                  _OC2CONbits = 0x18a
                    0x018c                  OC3RS = 0x18c
                    0x018c                  _OC3RS = 0x18c
                    0x018e                  OC3R = 0x18e
                    0x018e                  _OC3R = 0x18e
                    0x0190                  OC3CON = 0x190
                    0x0190                  _OC3CON = 0x190
                    0x0190                  _OC3CONbits = 0x190
                    0x0192                  OC4RS = 0x192
                    0x0192                  _OC4RS = 0x192
                    0x0194                  OC4R = 0x194
                    0x0194                  _OC4R = 0x194
                    0x0196                  OC4CON = 0x196
                    0x0196                  _OC4CON = 0x196
                    0x0196                  _OC4CONbits = 0x196
                    0x01c0                  PTCON = 0x1c0
                    0x01c0                  _PTCON = 0x1c0
                    0x01c0                  _PTCONbits = 0x1c0
                    0x01c2                  PTMR = 0x1c2
                    0x01c2                  _PTMR = 0x1c2
                    0x01c2                  _PTMRbits = 0x1c2
                    0x01c4                  PTPER = 0x1c4
                    0x01c4                  _PTPER = 0x1c4
                    0x01c4                  _PTPERbits = 0x1c4
                    0x01c6                  SEVTCMP = 0x1c6
                    0x01c6                  _SEVTCMP = 0x1c6
                    0x01c6                  _SEVTCMPbits = 0x1c6
                    0x01c8                  PWMCON1 = 0x1c8
                    0x01c8                  _PWMCON1 = 0x1c8
                    0x01c8                  _PWMCON1bits = 0x1c8
                    0x01ca                  PWMCON2 = 0x1ca
                    0x01ca                  _PWMCON2 = 0x1ca
                    0x01ca                  _PWMCON2bits = 0x1ca
                    0x01cc                  DTCON1 = 0x1cc
                    0x01cc                  _DTCON1 = 0x1cc
                    0x01cc                  _DTCON1bits = 0x1cc
                    0x01d0                  FLTACON = 0x1d0
                    0x01d0                  _FLTACON = 0x1d0
                    0x01d0                  _FLTACONbits = 0x1d0
                    0x01d4                  OVDCON = 0x1d4
                    0x01d4                  _OVDCON = 0x1d4
                    0x01d4                  _OVDCONbits = 0x1d4
                    0x01d6                  PDC1 = 0x1d6
                    0x01d6                  _PDC1 = 0x1d6
                    0x01d8                  PDC2 = 0x1d8
                    0x01d8                  _PDC2 = 0x1d8
                    0x01da                  PDC3 = 0x1da
                    0x01da                  _PDC3 = 0x1da
                    0x0200                  I2CRCV = 0x200
                    0x0200                  _I2CRCV = 0x200
                    0x0200                  _I2CRCVbits = 0x200
                    0x0202                  I2CTRN = 0x202
                    0x0202                  _I2CTRN = 0x202
                    0x0202                  _I2CTRNbits = 0x202
                    0x0204                  I2CBRG = 0x204
                    0x0204                  _I2CBRG = 0x204
                    0x0204                  _I2CBRGbits = 0x204
                    0x0206                  I2CCON = 0x206
                    0x0206                  _I2CCON = 0x206
                    0x0206                  _I2CCONbits = 0x206
                    0x0208                  I2CSTAT = 0x208
                    0x0208                  _I2CSTAT = 0x208
                    0x0208                  _I2CSTATbits = 0x208
                    0x020a                  I2CADD = 0x20a
                    0x020a                  _I2CADD = 0x20a
                    0x020a                  _I2CADDbits = 0x20a
                    0x020c                  U1MODE = 0x20c
                    0x020c                  _U1MODE = 0x20c
                    0x020c                  _U1MODEbits = 0x20c
                    0x020e                  U1STA = 0x20e
                    0x020e                  _U1STA = 0x20e
                    0x020e                  _U1STAbits = 0x20e
                    0x0210                  U1TXREG = 0x210
                    0x0210                  _U1TXREG = 0x210
                    0x0210                  _U1TXREGbits = 0x210
                    0x0212                  U1RXREG = 0x212
                    0x0212                  _U1RXREG = 0x212
                    0x0212                  _U1RXREGbits = 0x212
                    0x0214                  U1BRG = 0x214
                    0x0214                  _U1BRG = 0x214
                    0x0216                  U2MODE = 0x216
                    0x0216                  _U2MODE = 0x216
                    0x0216                  _U2MODEbits = 0x216
                    0x0218                  U2STA = 0x218
                    0x0218                  _U2STA = 0x218
                    0x0218                  _U2STAbits = 0x218
                    0x021a                  U2TXREG = 0x21a
                    0x021a                  _U2TXREG = 0x21a
                    0x021a                  _U2TXREGbits = 0x21a
                    0x021c                  U2RXREG = 0x21c
                    0x021c                  _U2RXREG = 0x21c
                    0x021c                  _U2RXREGbits = 0x21c
                    0x021e                  U2BRG = 0x21e
                    0x021e                  _U2BRG = 0x21e
                    0x0220                  SPI1STAT = 0x220
                    0x0220                  _SPI1STAT = 0x220
                    0x0220                  _SPI1STATbits = 0x220
                    0x0222                  SPI1CON = 0x222
                    0x0222                  _SPI1CON = 0x222
                    0x0222                  _SPI1CONbits = 0x222
                    0x0224                  SPI1BUF = 0x224
                    0x0224                  _SPI1BUF = 0x224
                    0x0280                  ADCBUF0 = 0x280
                    0x0280                  _ADCBUF0 = 0x280
                    0x0282                  ADCBUF1 = 0x282
                    0x0282                  _ADCBUF1 = 0x282
                    0x0284                  ADCBUF2 = 0x284
                    0x0284                  _ADCBUF2 = 0x284
                    0x0286                  ADCBUF3 = 0x286
                    0x0286                  _ADCBUF3 = 0x286
                    0x0288                  ADCBUF4 = 0x288
                    0x0288                  _ADCBUF4 = 0x288
                    0x028a                  ADCBUF5 = 0x28a
                    0x028a                  _ADCBUF5 = 0x28a
                    0x028c                  ADCBUF6 = 0x28c
                    0x028c                  _ADCBUF6 = 0x28c
                    0x028e                  ADCBUF7 = 0x28e
                    0x028e                  _ADCBUF7 = 0x28e
                    0x0290                  ADCBUF8 = 0x290
                    0x0290                  _ADCBUF8 = 0x290
                    0x0292                  ADCBUF9 = 0x292
                    0x0292                  _ADCBUF9 = 0x292
                    0x0294                  ADCBUFA = 0x294
                    0x0294                  _ADCBUFA = 0x294
                    0x0296                  ADCBUFB = 0x296
                    0x0296                  _ADCBUFB = 0x296
                    0x0298                  ADCBUFC = 0x298
                    0x0298                  _ADCBUFC = 0x298
                    0x029a                  ADCBUFD = 0x29a
                    0x029a                  _ADCBUFD = 0x29a
                    0x029c                  ADCBUFE = 0x29c
                    0x029c                  _ADCBUFE = 0x29c
                    0x029e                  ADCBUFF = 0x29e
                    0x029e                  _ADCBUFF = 0x29e
                    0x02a0                  ADCON1 = 0x2a0
                    0x02a0                  _ADCON1 = 0x2a0
                    0x02a0                  _ADCON1bits = 0x2a0
                    0x02a2                  ADCON2 = 0x2a2
                    0x02a2                  _ADCON2 = 0x2a2
                    0x02a2                  _ADCON2bits = 0x2a2
                    0x02a4                  ADCON3 = 0x2a4
                    0x02a4                  _ADCON3 = 0x2a4
                    0x02a4                  _ADCON3bits = 0x2a4
                    0x02a6                  ADCHS = 0x2a6
                    0x02a6                  _ADCHS = 0x2a6
                    0x02a6                  _ADCHSbits = 0x2a6
                    0x02a8                  ADPCFG = 0x2a8
                    0x02a8                  _ADPCFG = 0x2a8
                    0x02a8                  _ADPCFGbits = 0x2a8
                    0x02aa                  ADCSSL = 0x2aa
                    0x02aa                  _ADCSSL = 0x2aa
                    0x02aa                  _ADCSSLbits = 0x2aa
                    0x02c6                  TRISB = 0x2c6
                    0x02c6                  _TRISB = 0x2c6
                    0x02c6                  _TRISBbits = 0x2c6
                    0x02c8                  PORTB = 0x2c8
                    0x02c8                  _PORTB = 0x2c8
                    0x02c8                  _PORTBbits = 0x2c8
                    0x02ca                  LATB = 0x2ca
                    0x02ca                  _LATB = 0x2ca
                    0x02ca                  _LATBbits = 0x2ca
                    0x02cc                  TRISC = 0x2cc
                    0x02cc                  _TRISC = 0x2cc
                    0x02cc                  _TRISCbits = 0x2cc
                    0x02ce                  PORTC = 0x2ce
                    0x02ce                  _PORTC = 0x2ce
                    0x02ce                  _PORTCbits = 0x2ce
                    0x02d0                  LATC = 0x2d0
                    0x02d0                  _LATC = 0x2d0
                    0x02d0                  _LATCbits = 0x2d0
                    0x02d2                  TRISD = 0x2d2
                    0x02d2                  _TRISD = 0x2d2
                    0x02d2                  _TRISDbits = 0x2d2
                    0x02d4                  PORTD = 0x2d4
                    0x02d4                  _PORTD = 0x2d4
                    0x02d4                  _PORTDbits = 0x2d4
                    0x02d6                  LATD = 0x2d6
                    0x02d6                  _LATD = 0x2d6
                    0x02d6                  _LATDbits = 0x2d6
                    0x02d8                  TRISE = 0x2d8
                    0x02d8                  _TRISE = 0x2d8
                    0x02d8                  _TRISEbits = 0x2d8
                    0x02da                  PORTE = 0x2da
                    0x02da                  _PORTE = 0x2da
                    0x02da                  _PORTEbits = 0x2da
                    0x02dc                  LATE = 0x2dc
                    0x02dc                  _LATE = 0x2dc
                    0x02dc                  _LATEbits = 0x2dc
                    0x02de                  TRISF = 0x2de
                    0x02de                  _TRISF = 0x2de
                    0x02de                  _TRISFbits = 0x2de
                    0x02e0                  PORTF = 0x2e0
                    0x02e0                  _PORTF = 0x2e0
                    0x02e0                  _PORTFbits = 0x2e0
                    0x02e2                  LATF = 0x2e2
                    0x02e2                  _LATF = 0x2e2
                    0x02e2                  _LATFbits = 0x2e2
                    0x0300                  C1RXF0SID = 0x300
                    0x0300                  _C1RXF0SID = 0x300
                    0x0300                  _C1RXF0SIDbits = 0x300
                    0x0302                  C1RXF0EIDH = 0x302
                    0x0302                  _C1RXF0EIDH = 0x302
                    0x0302                  _C1RXF0EIDHbits = 0x302
                    0x0304                  C1RXF0EIDL = 0x304
                    0x0304                  _C1RXF0EIDL = 0x304
                    0x0304                  _C1RXF0EIDLbits = 0x304
                    0x0308                  C1RXF1SID = 0x308
                    0x0308                  _C1RXF1SID = 0x308
                    0x0308                  _C1RXF1SIDbits = 0x308
                    0x030a                  C1RXF1EIDH = 0x30a
                    0x030a                  _C1RXF1EIDH = 0x30a
                    0x030a                  _C1RXF1EIDHbits = 0x30a
                    0x030c                  C1RXF1EIDL = 0x30c
                    0x030c                  _C1RXF1EIDL = 0x30c
                    0x030c                  _C1RXF1EIDLbits = 0x30c
                    0x0310                  C1RXF2SID = 0x310
                    0x0310                  _C1RXF2SID = 0x310
                    0x0310                  _C1RXF2SIDbits = 0x310
                    0x0312                  C1RXF2EIDH = 0x312
                    0x0312                  _C1RXF2EIDH = 0x312
                    0x0312                  _C1RXF2EIDHbits = 0x312
                    0x0314                  C1RXF2EIDL = 0x314
                    0x0314                  _C1RXF2EIDL = 0x314
                    0x0314                  _C1RXF2EIDLbits = 0x314
                    0x0318                  C1RXF3SID = 0x318
                    0x0318                  _C1RXF3SID = 0x318
                    0x0318                  _C1RXF3SIDbits = 0x318
                    0x031a                  C1RXF3EIDH = 0x31a
                    0x031a                  _C1RXF3EIDH = 0x31a
                    0x031a                  _C1RXF3EIDHbits = 0x31a
                    0x031c                  C1RXF3EIDL = 0x31c
                    0x031c                  _C1RXF3EIDL = 0x31c
                    0x031c                  _C1RXF3EIDLbits = 0x31c
                    0x0320                  C1RXF4SID = 0x320
                    0x0320                  _C1RXF4SID = 0x320
                    0x0320                  _C1RXF4SIDbits = 0x320
                    0x0322                  C1RXF4EIDH = 0x322
                    0x0322                  _C1RXF4EIDH = 0x322
                    0x0322                  _C1RXF4EIDHbits = 0x322
                    0x0324                  C1RXF4EIDL = 0x324
                    0x0324                  _C1RXF4EIDL = 0x324
                    0x0324                  _C1RXF4EIDLbits = 0x324
                    0x0328                  C1RXF5SID = 0x328
                    0x0328                  _C1RXF5SID = 0x328
                    0x0328                  _C1RXF5SIDbits = 0x328
                    0x032a                  C1RXF5EIDH = 0x32a
                    0x032a                  _C1RXF5EIDH = 0x32a
                    0x032a                  _C1RXF5EIDHbits = 0x32a
                    0x032c                  C1RXF5EIDL = 0x32c
                    0x032c                  _C1RXF5EIDL = 0x32c
                    0x032c                  _C1RXF5EIDLbits = 0x32c
                    0x0330                  C1RXM0SID = 0x330
                    0x0330                  _C1RXM0SID = 0x330
                    0x0330                  _C1RXM0SIDbits = 0x330
                    0x0332                  C1RXM0EIDH = 0x332
                    0x0332                  _C1RXM0EIDH = 0x332
                    0x0332                  _C1RXM0EIDHbits = 0x332
                    0x0334                  C1RXM0EIDL = 0x334
                    0x0334                  _C1RXM0EIDL = 0x334
                    0x0334                  _C1RXM0EIDLbits = 0x334
                    0x0338                  C1RXM1SID = 0x338
                    0x0338                  _C1RXM1SID = 0x338
                    0x0338                  _C1RXM1SIDbits = 0x338
                    0x033a                  C1RXM1EIDH = 0x33a
                    0x033a                  _C1RXM1EIDH = 0x33a
                    0x033a                  _C1RXM1EIDHbits = 0x33a
                    0x033c                  C1RXM1EIDL = 0x33c
                    0x033c                  _C1RXM1EIDL = 0x33c
                    0x033c                  _C1RXM1EIDLbits = 0x33c
                    0x0340                  C1TX2SID = 0x340
                    0x0340                  _C1TX2SID = 0x340
                    0x0340                  _C1TX2SIDbits = 0x340
                    0x0342                  C1TX2EID = 0x342
                    0x0342                  _C1TX2EID = 0x342
                    0x0342                  _C1TX2EIDbits = 0x342
                    0x0344                  C1TX2DLC = 0x344
                    0x0344                  _C1TX2DLC = 0x344
                    0x0344                  _C1TX2DLCbits = 0x344
                    0x0346                  C1TX2B1 = 0x346
                    0x0346                  _C1TX2B1 = 0x346
                    0x0346                  _C1TX2B1bits = 0x346
                    0x0348                  C1TX2B2 = 0x348
                    0x0348                  _C1TX2B2 = 0x348
                    0x0348                  _C1TX2B2bits = 0x348
                    0x034a                  C1TX2B3 = 0x34a
                    0x034a                  _C1TX2B3 = 0x34a
                    0x034a                  _C1TX2B3bits = 0x34a
                    0x034c                  C1TX2B4 = 0x34c
                    0x034c                  _C1TX2B4 = 0x34c
                    0x034c                  _C1TX2B4bits = 0x34c
                    0x034e                  C1TX2CON = 0x34e
                    0x034e                  _C1TX2CON = 0x34e
                    0x034e                  _C1TX2CONbits = 0x34e
                    0x0350                  C1TX1SID = 0x350
                    0x0350                  _C1TX1SID = 0x350
                    0x0350                  _C1TX1SIDbits = 0x350
                    0x0352                  C1TX1EID = 0x352
                    0x0352                  _C1TX1EID = 0x352
                    0x0352                  _C1TX1EIDbits = 0x352
                    0x0354                  C1TX1DLC = 0x354
                    0x0354                  _C1TX1DLC = 0x354
                    0x0354                  _C1TX1DLCbits = 0x354
                    0x0356                  C1TX1B1 = 0x356
                    0x0356                  _C1TX1B1 = 0x356
                    0x0356                  _C1TX1B1bits = 0x356
                    0x0358                  C1TX1B2 = 0x358
                    0x0358                  _C1TX1B2 = 0x358
                    0x0358                  _C1TX1B2bits = 0x358
                    0x035a                  C1TX1B3 = 0x35a
                    0x035a                  _C1TX1B3 = 0x35a
                    0x035a                  _C1TX1B3bits = 0x35a
                    0x035c                  C1TX1B4 = 0x35c
                    0x035c                  _C1TX1B4 = 0x35c
                    0x035c                  _C1TX1B4bits = 0x35c
                    0x035e                  C1TX1CON = 0x35e
                    0x035e                  _C1TX1CON = 0x35e
                    0x035e                  _C1TX1CONbits = 0x35e
                    0x0360                  C1TX0SID = 0x360
                    0x0360                  _C1TX0SID = 0x360
                    0x0360                  _C1TX0SIDbits = 0x360
                    0x0362                  C1TX0EID = 0x362
                    0x0362                  _C1TX0EID = 0x362
                    0x0362                  _C1TX0EIDbits = 0x362
                    0x0364                  C1TX0DLC = 0x364
                    0x0364                  _C1TX0DLC = 0x364
                    0x0364                  _C1TX0DLCbits = 0x364
                    0x0366                  C1TX0B1 = 0x366
                    0x0366                  _C1TX0B1 = 0x366
                    0x0366                  _C1TX0B1bits = 0x366
                    0x0368                  C1TX0B2 = 0x368
                    0x0368                  _C1TX0B2 = 0x368
                    0x0368                  _C1TX0B2bits = 0x368
                    0x036a                  C1TX0B3 = 0x36a
                    0x036a                  _C1TX0B3 = 0x36a
                    0x036a                  _C1TX0B3bits = 0x36a
                    0x036c                  C1TX0B4 = 0x36c
                    0x036c                  _C1TX0B4 = 0x36c
                    0x036c                  _C1TX0B4bits = 0x36c
                    0x036e                  C1TX0CON = 0x36e
                    0x036e                  _C1TX0CON = 0x36e
                    0x036e                  _C1TX0CONbits = 0x36e
                    0x0370                  C1RX1SID = 0x370
                    0x0370                  _C1RX1SID = 0x370
                    0x0370                  _C1RX1SIDbits = 0x370
                    0x0372                  C1RX1EID = 0x372
                    0x0372                  _C1RX1EID = 0x372
                    0x0372                  _C1RX1EIDbits = 0x372
                    0x0374                  C1RX1DLC = 0x374
                    0x0374                  _C1RX1DLC = 0x374
                    0x0374                  _C1RX1DLCbits = 0x374
                    0x0376                  C1RX1B1 = 0x376
                    0x0376                  _C1RX1B1 = 0x376
                    0x0376                  _C1RX1B1bits = 0x376
                    0x0378                  C1RX1B2 = 0x378
                    0x0378                  _C1RX1B2 = 0x378
                    0x0378                  _C1RX1B2bits = 0x378
                    0x037a                  C1RX1B3 = 0x37a
                    0x037a                  _C1RX1B3 = 0x37a
                    0x037a                  _C1RX1B3bits = 0x37a
                    0x037c                  C1RX1B4 = 0x37c
                    0x037c                  _C1RX1B4 = 0x37c
                    0x037c                  _C1RX1B4bits = 0x37c
                    0x037e                  C1RX1CON = 0x37e
                    0x037e                  _C1RX1CON = 0x37e
                    0x037e                  _C1RX1CONbits = 0x37e
                    0x0380                  C1RX0SID = 0x380
                    0x0380                  _C1RX0SID = 0x380
                    0x0380                  _C1RX0SIDbits = 0x380
                    0x0382                  C1RX0EID = 0x382
                    0x0382                  _C1RX0EID = 0x382
                    0x0382                  _C1RX0EIDbits = 0x382
                    0x0384                  C1RX0DLC = 0x384
                    0x0384                  _C1RX0DLC = 0x384
                    0x0384                  _C1RX0DLCbits = 0x384
                    0x0386                  C1RX0B1 = 0x386
                    0x0386                  _C1RX0B1 = 0x386
                    0x0386                  _C1RX0B1bits = 0x386
                    0x0388                  C1RX0B2 = 0x388
                    0x0388                  _C1RX0B2 = 0x388
                    0x0388                  _C1RX0B2bits = 0x388
                    0x038a                  C1RX0B3 = 0x38a
                    0x038a                  _C1RX0B3 = 0x38a
                    0x038a                  _C1RX0B3bits = 0x38a
                    0x038c                  C1RX0B4 = 0x38c
                    0x038c                  _C1RX0B4 = 0x38c
                    0x038c                  _C1RX0B4bits = 0x38c
                    0x038e                  C1RX0CON = 0x38e
                    0x038e                  _C1RX0CON = 0x38e
                    0x038e                  _C1RX0CONbits = 0x38e
                    0x0390                  C1CTRL = 0x390
                    0x0390                  _C1CTRL = 0x390
                    0x0390                  _C1CTRLbits = 0x390
                    0x0392                  C1CFG1 = 0x392
                    0x0392                  _C1CFG1 = 0x392
                    0x0392                  _C1CFG1bits = 0x392
                    0x0394                  C1CFG2 = 0x394
                    0x0394                  _C1CFG2 = 0x394
                    0x0394                  _C1CFG2bits = 0x394
                    0x0396                  C1INTF = 0x396
                    0x0396                  _C1INTF = 0x396
                    0x0396                  _C1INTFbits = 0x396
                    0x0398                  C1INTE = 0x398
                    0x0398                  _C1INTE = 0x398
                    0x0398                  _C1INTEbits = 0x398
                    0x039a                  C1EC = 0x39a
                    0x039a                  _C1EC = 0x39a
                    0x039a                  _C1ECbits = 0x39a
                    0x039a                  C1RERRCNT = 0x39a
                    0x039a                  _C1RERRCNT = 0x39a
                    0x039b                  C1TERRCNT = 0x39b
                    0x039b                  _C1TERRCNT = 0x39b
                    0x0740                  RCON = 0x740
                    0x0740                  _RCON = 0x740
                    0x0740                  _RCONbits = 0x740
                    0x0742                  OSCCON = 0x742
                    0x0742                  _OSCCON = 0x742
                    0x0742                  _OSCCONbits = 0x742
                    0x0742                  OSCCONL = 0x742
                    0x0742                  _OSCCONL = 0x742
                    0x0743                  OSCCONH = 0x743
                    0x0743                  _OSCCONH = 0x743
                    0x0760                  NVMCON = 0x760
                    0x0760                  _NVMCON = 0x760
                    0x0760                  _NVMCONbits = 0x760
                    0x0762                  NVMADR = 0x762
                    0x0762                  _NVMADR = 0x762
                    0x0764                  NVMADRU = 0x764
                    0x0764                  _NVMADRU = 0x764
                    0x0764                  _NVMADRUbits = 0x764
                    0x0766                  NVMKEY = 0x766
                    0x0766                  _NVMKEY = 0x766
                    0x0770                  PMD1 = 0x770
                    0x0770                  _PMD1 = 0x770
                    0x0770                  _PMD1bits = 0x770
                    0x0772                  PMD2 = 0x772
                    0x0772                  _PMD2 = 0x772
                    0x0772                  _PMD2bits = 0x772
                    0x0022                  ACCA = 0x22
                    0x0022                  _ACCA = 0x22
                    0x0028                  ACCB = 0x28
                    0x0028                  _ACCB = 0x28
                    0x0300                  CAN1 = 0x300
                    0x0300                  _CAN1 = 0x300
                    0x0140                  IC1 = 0x140
                    0x0140                  _IC1 = 0x140
                    0x0144                  IC2 = 0x144
                    0x0144                  _IC2 = 0x144
                    0x0158                  IC7 = 0x158
                    0x0158                  _IC7 = 0x158
                    0x015c                  IC8 = 0x15c
                    0x015c                  _IC8 = 0x15c
                    0x0180                  OC1 = 0x180
                    0x0180                  _OC1 = 0x180
                    0x0186                  OC2 = 0x186
                    0x0186                  _OC2 = 0x186
                    0x018c                  OC3 = 0x18c
                    0x018c                  _OC3 = 0x18c
                    0x0192                  OC4 = 0x192
                    0x0192                  _OC4 = 0x192
                    0x0220                  SPI1 = 0x220
                    0x0220                  _SPI1 = 0x220
                    0x020c                  UART1 = 0x20c
                    0x020c                  _UART1 = 0x20c
                    0x0216                  UART2 = 0x216
                    0x0216                  _UART2 = 0x216
START GROUP
LOAD d:/microchip/mplabx/xc16/v1.41/bin/bin/../../lib\liblega-pic30-elf.a
LOAD d:/microchip/mplabx/xc16/v1.41/bin/bin/../../lib\libm-elf.a
LOAD d:/microchip/mplabx/xc16/v1.41/bin/bin/../../lib\liblega-c-elf.a
END GROUP
OUTPUT(dist/default/production/Final_Project.X.production.elf elf32-pic30)
LOAD /CW/_FGS ¶X¶__FGS.sec
LOAD jump_table
LOAD default_isr
LOAD data_init

.debug_pubtypes
                  0x0000c0        0x505
 .debug_pubtypes
                  0x0000c0         0x23 build/default/production/parser.o
 .debug_pubtypes
                  0x0000e3         0x61 build/default/production/pwm.o
 .debug_pubtypes
                  0x000144         0xac build/default/production/uart.o
 .debug_pubtypes
                  0x0001f0         0x76 build/default/production/spi.o
 .debug_pubtypes
                  0x000266         0xd5 build/default/production/timer.o
 .debug_pubtypes
                  0x00033b         0xc2 build/default/production/adc.o
 .debug_pubtypes
                  0x0003fd        0x14b build/default/production/buttonsleds.o
 .debug_pubtypes
                  0x000548         0x7d build/default/production/main.o

__c30_signature
                  0x0005c5        0x186
 __c30_signature
                  0x0005c5          0x6 build/default/production/parser.o
 __c30_signature
                  0x0005cb          0x6 build/default/production/pwm.o
 __c30_signature
                  0x0005d1          0x6 build/default/production/uart.o
 __c30_signature
                  0x0005d7          0x6 build/default/production/spi.o
 __c30_signature
                  0x0005dd          0x6 build/default/production/timer.o
 __c30_signature
                  0x0005e3          0x6 build/default/production/adc.o
 __c30_signature
                  0x0005e9          0x6 build/default/production/buttonsleds.o
 __c30_signature
                  0x0005ef          0x6 build/default/production/main.o
 __c30_signature
                  0x0005f5          0x6 d:/microchip/mplabx/xc16/v1.41/bin/bin/../../lib\liblega-pic30-elf.a(crt0_standard.o)
 __c30_signature
                  0x0005fb          0x6 d:/microchip/mplabx/xc16/v1.41/bin/bin/../../lib\liblega-pic30-elf.a(data_init_standard.o)
 __c30_signature
                  0x000601          0x6 d:/microchip/mplabx/xc16/v1.41/bin/bin/../../lib\libm-elf.a(addsf3.eo)
 __c30_signature
                  0x000607          0x6 d:/microchip/mplabx/xc16/v1.41/bin/bin/../../lib\libm-elf.a(divsf3.eo)
 __c30_signature
                  0x00060d          0x6 d:/microchip/mplabx/xc16/v1.41/bin/bin/../../lib\libm-elf.a(fixsfsi.eo)
 __c30_signature
                  0x000613          0x6 d:/microchip/mplabx/xc16/v1.41/bin/bin/../../lib\libm-elf.a(fixunssfsi.eo)
 __c30_signature
                  0x000619          0x6 d:/microchip/mplabx/xc16/v1.41/bin/bin/../../lib\libm-elf.a(floatsisf.eo)
 __c30_signature
                  0x00061f          0x6 d:/microchip/mplabx/xc16/v1.41/bin/bin/../../lib\libm-elf.a(fpack.eo)
 __c30_signature
                  0x000625          0x6 d:/microchip/mplabx/xc16/v1.41/bin/bin/../../lib\libm-elf.a(funpack.eo)
 __c30_signature
                  0x00062b          0x6 d:/microchip/mplabx/xc16/v1.41/bin/bin/../../lib\libm-elf.a(funpack2.eo)
 __c30_signature
                  0x000631          0x6 d:/microchip/mplabx/xc16/v1.41/bin/bin/../../lib\libm-elf.a(futil.eo)
 __c30_signature
                  0x000637          0x6 d:/microchip/mplabx/xc16/v1.41/bin/bin/../../lib\libm-elf.a(mulsf3.eo)
 __c30_signature
                  0x00063d          0x6 d:/microchip/mplabx/xc16/v1.41/bin/bin/../../lib\libm-elf.a(floatdisf.eo)
 __c30_signature
                  0x000643          0x6 d:/microchip/mplabx/xc16/v1.41/bin/bin/../../lib\libm-elf.a(floatundisf.eo)
 __c30_signature
                  0x000649          0x6 d:/microchip/mplabx/xc16/v1.41/bin/bin/../../lib\liblega-c-elf.a(strlen.XX_eo)
 __c30_signature
                  0x00064f          0x6 d:/microchip/mplabx/xc16/v1.41/bin/bin/../../lib\liblega-c-elf.a(strncmp.XX_eo)
 __c30_signature
                  0x000655          0x6 d:/microchip/mplabx/xc16/v1.41/bin/bin/../../lib\liblega-c-elf.a(xstoul.XX_eo)
 __c30_signature
                  0x00065b          0x6 d:/microchip/mplabx/xc16/v1.41/bin/bin/../../lib\liblega-c-elf.a(isspace.XX_elso)
 __c30_signature
                  0x000661          0x6 d:/microchip/mplabx/xc16/v1.41/bin/bin/../../lib\liblega-c-elf.a(tolower.XX_elso)
 __c30_signature
                  0x000667          0x6 d:/microchip/mplabx/xc16/v1.41/bin/bin/../../lib\liblega-c-elf.a(errno.XX_elo)
 __c30_signature
                  0x00066d          0x6 d:/microchip/mplabx/xc16/v1.41/bin/bin/../../lib\liblega-c-elf.a(sprintf_cdfFnopsuxX.XXeo)
 __c30_signature
                  0x000673          0x6 d:/microchip/mplabx/xc16/v1.41/bin/bin/../../lib\liblega-c-elf.a(xprintf_cdfFnopsuxX.XXeo)
 __c30_signature
                  0x000679          0x6 d:/microchip/mplabx/xc16/v1.41/bin/bin/../../lib\liblega-c-elf.a(xputfld_cdfFnopsuxX.XXeo)
 __c30_signature
                  0x00067f          0x6 d:/microchip/mplabx/xc16/v1.41/bin/bin/../../lib\liblega-c-elf.a(xldtob_cdfFnopsuxX.XXeo)
 __c30_signature
                  0x000685          0x6 d:/microchip/mplabx/xc16/v1.41/bin/bin/../../lib\liblega-c-elf.a(xgenld_cdfFnopsuxX.XXeo)
 __c30_signature
                  0x00068b          0x6 d:/microchip/mplabx/xc16/v1.41/bin/bin/../../lib\liblega-c-elf.a(div.XX_eo)
 __c30_signature
                  0x000691          0x6 d:/microchip/mplabx/xc16/v1.41/bin/bin/../../lib\liblega-c-elf.a(ldiv.XX_eo)
 __c30_signature
                  0x000697          0x6 d:/microchip/mplabx/xc16/v1.41/bin/bin/../../lib\liblega-c-elf.a(memchr.XX_eo)
 __c30_signature
                  0x00069d          0x6 d:/microchip/mplabx/xc16/v1.41/bin/bin/../../lib\liblega-c-elf.a(memcpy.XX_eo)
 __c30_signature
                  0x0006a3          0x6 d:/microchip/mplabx/xc16/v1.41/bin/bin/../../lib\liblega-c-elf.a(strchr.XX_eo)
 __c30_signature
                  0x0006a9          0x6 d:/microchip/mplabx/xc16/v1.41/bin/bin/../../lib\liblega-c-elf.a(xldunsca.XX_eo)
 __c30_signature
                  0x0006af          0x6 d:/microchip/mplabx/xc16/v1.41/bin/bin/../../lib\liblega-c-elf.a(xlitob.XX_eo)
 __c30_signature
                  0x0006b5          0x6 d:/microchip/mplabx/xc16/v1.41/bin/bin/../../lib\liblega-c-elf.a(xputtxt.XX_eo)
 __c30_signature
                  0x0006bb          0x6 d:/microchip/mplabx/xc16/v1.41/bin/bin/../../lib\liblega-c-elf.a(xvacopy.XX_eo)
 __c30_signature
                  0x0006c1          0x6 d:/microchip/mplabx/xc16/v1.41/bin/bin/../../lib\liblega-c-elf.a(xdnorm.XX_elo)
 __c30_signature
                  0x0006c7          0x6 d:/microchip/mplabx/xc16/v1.41/bin/bin/../../lib\libm-elf.a(deqltle.eo)
 __c30_signature
                  0x0006cd          0x6 d:/microchip/mplabx/xc16/v1.41/bin/bin/../../lib\libm-elf.a(dgtge.eo)
 __c30_signature
                  0x0006d3          0x6 d:/microchip/mplabx/xc16/v1.41/bin/bin/../../lib\libm-elf.a(divdf3.eo)
 __c30_signature
                  0x0006d9          0x6 d:/microchip/mplabx/xc16/v1.41/bin/bin/../../lib\libm-elf.a(divsi3.eo)
 __c30_signature
                  0x0006df          0x6 d:/microchip/mplabx/xc16/v1.41/bin/bin/../../lib\libm-elf.a(dpack.eo)
 __c30_signature
                  0x0006e5          0x6 d:/microchip/mplabx/xc16/v1.41/bin/bin/../../lib\libm-elf.a(dunpack2.eo)
 __c30_signature
                  0x0006eb          0x6 d:/microchip/mplabx/xc16/v1.41/bin/bin/../../lib\libm-elf.a(extendsfdf.eo)
 __c30_signature
                  0x0006f1          0x6 d:/microchip/mplabx/xc16/v1.41/bin/bin/../../lib\libm-elf.a(fixdfsi.eo)
 __c30_signature
                  0x0006f7          0x6 d:/microchip/mplabx/xc16/v1.41/bin/bin/../../lib\libm-elf.a(floatsidf.eo)
 __c30_signature
                  0x0006fd          0x6 d:/microchip/mplabx/xc16/v1.41/bin/bin/../../lib\libm-elf.a(muldf3.eo)
 __c30_signature
                  0x000703          0x6 d:/microchip/mplabx/xc16/v1.41/bin/bin/../../lib\libm-elf.a(subdf3.eo)
 __c30_signature
                  0x000709          0x6 d:/microchip/mplabx/xc16/v1.41/bin/bin/../../lib\libm-elf.a(udivsi3.eo)
 __c30_signature
                  0x00070f          0x6 d:/microchip/mplabx/xc16/v1.41/bin/bin/../../lib\libm-elf.a(umodsi3.eo)
 __c30_signature
                  0x000715          0x6 d:/microchip/mplabx/xc16/v1.41/bin/bin/../../lib\libm-elf.a(mulsi3.eo)
 __c30_signature
                  0x00071b          0x6 d:/microchip/mplabx/xc16/v1.41/bin/bin/../../lib\libm-elf.a(divmoddi3.eo)
 __c30_signature
                  0x000721          0x6 d:/microchip/mplabx/xc16/v1.41/bin/bin/../../lib\libm-elf.a(adddf3.eo)
 __c30_signature
                  0x000727          0x6 d:/microchip/mplabx/xc16/v1.41/bin/bin/../../lib\libm-elf.a(dcompare.eo)
 __c30_signature
                  0x00072d          0x6 d:/microchip/mplabx/xc16/v1.41/bin/bin/../../lib\libm-elf.a(dpropagateNaN.eo)
 __c30_signature
                  0x000733          0x6 d:/microchip/mplabx/xc16/v1.41/bin/bin/../../lib\libm-elf.a(dtype.eo)
 __c30_signature
                  0x000739          0x6 d:/microchip/mplabx/xc16/v1.41/bin/bin/../../lib\libm-elf.a(dunpack.eo)
 __c30_signature
                  0x00073f          0x6 d:/microchip/mplabx/xc16/v1.41/bin/bin/../../lib\libm-elf.a(floatdidf.eo)
 __c30_signature
                  0x000745          0x6 d:/microchip/mplabx/xc16/v1.41/bin/bin/../../lib\libm-elf.a(floatundidf.eo)

.nbss               0x0800        0x156
 .nbss              0x0800        0x156 build/default/production/main.o
                    0x0800                  _schedInfo
                    0x0814                  _pdc1
                    0x0818                  _pdc2
                    0x081c                  _n1
                    0x081e                  _n2
                    0x0820                  _max1
                    0x082a                  _min1
                    0x0834                  _num1
                    0x083e                  _num2
                    0x0848                  _temp_buffer
                    0x0870                  _sum_temp
                    0x0874                  _status
                    0x0876                  _count_time
                    0x0878                  _temp_counter
                    0x087a                  _count_print
                    0x087c                  _print
                    0x087e                  _pstate
                    0x08ee                  _cb
                    0x092e                  _first_row
                    0x0942                  _second_row

.ndata              0x0956         0x18
 .ndata             0x0956         0x18 build/default/production/main.o
                    0x0956                  _min
                    0x0958                  _max
                    0x095a                  _min_old
                    0x095c                  _max_old
                    0x095e                  _Fosc
                    0x0962                  _Fcy
                    0x0966                  _f_pwm
                    0x096a                  _t_pwm

.data               0x096e         0xde
 .data              0x096e         0x58 d:/microchip/mplabx/xc16/v1.41/bin/bin/../../lib\liblega-c-elf.a(xldtob_cdfFnopsuxX.XXeo)
 .data              0x09c6         0x4a d:/microchip/mplabx/xc16/v1.41/bin/bin/../../lib\liblega-c-elf.a(xstoul.XX_eo)
 .data              0x0a10         0x22 d:/microchip/mplabx/xc16/v1.41/bin/bin/../../lib\liblega-c-elf.a(xlitob.XX_eo)
 .data              0x0a32         0x1a d:/microchip/mplabx/xc16/v1.41/bin/bin/../../lib\liblega-c-elf.a(xprintf_cdfFnopsuxX.XXeo)

.bss                0x0a4c          0x4
 .bss               0x0a4c          0x4 d:/microchip/mplabx/xc16/v1.41/bin/bin/../../lib\liblega-c-elf.a(errno.XX_elo)
                    0x0a4c                  _errno
                    0x0a4e                  __Tls_setup_errno

.data               0x0a50          0x2
 .data              0x0a50          0x2 d:/microchip/mplabx/xc16/v1.41/bin/bin/../../lib\liblega-c-elf.a(xgenld_cdfFnopsuxX.XXeo)

.ivt._U2RXInterrupt
                  0x000044          0x2
 .ivt._U2RXInterrupt
                  0x000044          0x2 build/default/production/uart.o

.ivt._INT0Interrupt
                  0x000014          0x2
 .ivt._INT0Interrupt
                  0x000014          0x2 build/default/production/buttonsleds.o

.ivt._T2Interrupt
                  0x000020          0x2
 .ivt._T2Interrupt
                  0x000020          0x2 build/default/production/buttonsleds.o

.ivt._INT1Interrupt
                  0x000034          0x2
 .ivt._INT1Interrupt
                  0x000034          0x2 build/default/production/buttonsleds.o

.ivt._T4Interrupt
                  0x00003e          0x2
 .ivt._T4Interrupt
                  0x00003e          0x2 build/default/production/buttonsleds.o

.config_ICS       0xf8000c          0x2
 .config_ICS      0xf8000c          0x2 build/default/production/main.o

.config_MCLRE     0xf80004          0x2
 .config_MCLRE    0xf80004          0x2 build/default/production/main.o

.config_WDT       0xf80002          0x2
 .config_WDT      0xf80002          0x2 build/default/production/main.o

.config_FCKSMEN
                  0xf80000          0x2
 .config_FCKSMEN
                  0xf80000          0x2 build/default/production/main.o

.const              0x9d2e         0xc4 load address 0x001d2e  
 .const             0x9d2e         0xac build/default/production/main.o
 .const             0x9dda         0x12 build/default/production/spi.o
 .const             0x9dec          0x6 build/default/production/uart.o

.text             0x001df2        0xc6a
 .text            0x001df2        0x5c6 build/default/production/main.o
                  0x001df2                  _timeout
                  0x001e3a                  _task1
                  0x001fc2                  _task2
                  0x00210c                  _task3
                  0x0021fe                  _task4
                  0x002288                  _task5
                  0x0022b6                  _scheduler
                  0x002352                  _main
 .text            0x0023b8        0x23c build/default/production/timer.o
                  0x0023b8                  _tmr_setup_period
                  0x002466                  _tmr_wait_period
                  0x0024c6                  _choose_prescaler
                  0x00258c                  _tmr_wait_ms
 .text            0x0025f4        0x144 build/default/production/spi.o
                  0x0025f4                  _init_spi
                  0x002618                  _clear_row
                  0x002640                  _shift_string
                  0x002670                  _write_string_LCD
                  0x0026b0                  _write_long_string_LCD
                  0x0026ec                  _move_cursor_first_row
                  0x002700                  _move_cursor_second_row
                  0x002714                  _clear_row_LCD
 .text            0x002738        0x132 build/default/production/uart.o
                  0x002738                  _init_uart
                  0x002752                  _write_buffer
                  0x002780                  _read_buffer
                  0x0027c8                  _avl_in_buffer
                  0x0027f4                  _send_to_UART
 .text            0x00286a        0x110 build/default/production/parser.o
                  0x00286a                  _parse_byte
                  0x002960                  _parse_init
 .text            0x00297a         0xe2 build/default/production/pwm.o
                  0x00297a                  _PWM_init
                  0x0029ca                  _pdc

.dinit            0x002a5c         0xdc
 .dinit           0x002a5c         0xdc data_init

.text             0x002b38         0xa8
 .text            0x002b38         0x88 build/default/production/adc.o
                  0x002b38                  _init_adc
                  0x002b78                  _acquire_temperature
 .text            0x002bc0         0x20 build/default/production/buttonsleds.o
                  0x002bc0                  _init_leds
                  0x002bce                  _init_buttons
